ğŸ“„ fileA.ts
  ğŸ•“ 2024-01-01T00:00:00.000Z  ğŸ”  10 bytes
  ğŸ§  Mock prompt
  ğŸ§¾ 1
  To replay this paste, run: uado replay 1

ğŸ“„ fileB.ts
  ğŸ•“ 2024-01-01T00:00:00.000Z  ğŸ”  10 bytes
  ğŸ§  Mock prompt
  ğŸ§¾ 1
  To replay this paste, run: uado replay 1

ğŸ“„ fileC.ts
  ğŸ•“ 2024-01-01T00:00:00.000Z  ğŸ”  10 bytes
  ğŸ§  Mock prompt
  ğŸ§¾ 1
  To replay this paste, run: uado replay 1

